// Jest Snapshot v1, https://goo.gl/fbAQLP

exports[`matches the snapshot 1`] = `
<main
  className="css-o8uaij"
>
  <header
    className="css-uf1ume"
  >
    <section
      className="css-ei4gva"
      onClick={[Function]}
      role="button"
    >
      <span />
      <span />
      <span />
    </section>
  </header>
  <section
    className="css-1oskuwq"
  >
    <section
      className="css-1f9ksg8"
    >
      <section
        className="css-f9952j"
        onClick={[Function]}
      >
        <h3
          className="css-n4wyzy"
          dangerouslySetInnerHTML={
            Object {
              "__html": "&#163;58.33",
            }
          }
        />
        <p
          className="css-1zubqt"
        >
          GBP
           - 
          United Kingdom Pound
        </p>
      </section>
      <section
        className="css-1rhsfo7"
        onClick={[Function]}
      >
        <h3
          className="css-n4wyzy"
          dangerouslySetInnerHTML={
            Object {
              "__html": "&#36;25.51",
            }
          }
        />
        <p
          className="css-1zubqt"
        >
          USD
           - 
          United States Dollar
        </p>
      </section>
      <section
        className="css-15q58md"
        onClick={[Function]}
      >
        <h3
          className="css-n4wyzy"
          dangerouslySetInnerHTML={
            Object {
              "__html": "&#8377;116.12",
            }
          }
        />
        <p
          className="css-1zubqt"
        >
          INR
           - 
          India Rupee
        </p>
      </section>
    </section>
    <button
      className="css-1t8781f"
      color="#3A539B"
      onClick={[Function]}
      size="x-large"
    >
      <img
        alt="Exchange Icon"
        src="ExchangeWhite.svg"
      />
       EXCHANGE
    </button>
    <section
      className="css-fdyf9c"
    >
      <div
        className="css-1bpk6rf"
      >
        <article
          className="css-b11t4d"
        >
          Transactions
        </article>
      </div>
      <ul
        className="css-qfu4gl"
      >
        <h3
          className="css-q8s5zl"
        >
          No exchanges done yet
        </h3>
      </ul>
    </section>
  </section>
</main>
`;
